// Jest Snapshot v1, https://goo.gl/fbAQLP

exports[`SpatialNavigationVirtualizedGrid renders the correct number of item 1`] = `
<View
  onLayout={[Function]}
  style={
    {
      "height": "100%",
      "width": "100%",
    }
  }
  testID="test-grid-size-giver"
>
  <View
    collapsable={false}
    style={
      {
        "flex": 1,
        "flexDirection": "column",
        "height": 1000,
        "transform": [
          {
            "translateY": 0,
          },
        ],
      }
    }
    testID="test-grid"
  >
    <View>
      <View
        style={
          {
            "left": 0,
            "position": "absolute",
            "transform": [
              {
                "translateY": 0,
              },
            ],
          }
        }
      >
        <View
          style={
            [
              undefined,
              {
                "flexDirection": "row",
              },
            ]
          }
        >
          <View>
            <View
              accessibilityHint="button 1"
              accessibilityLabel="button 1"
              accessibilityRole="button"
              accessibilityState={
                {
                  "selected": true,
                }
              }
              accessible={true}
              isFocused={true}
              style={
                [
                  {
                    "backgroundColor": "red",
                    "borderRadius": 100,
                    "padding": 6,
                  },
                  undefined,
                ]
              }
            >
              <Text>
                button 1
              </Text>
            </View>
          </View>
          <View>
            <View
              accessibilityHint="button 2"
              accessibilityLabel="button 2"
              accessibilityRole="button"
              accessibilityState={
                {
                  "selected": false,
                }
              }
              accessible={true}
              isFocused={false}
              style={
                [
                  {
                    "backgroundColor": "transparent",
                    "borderRadius": 100,
                    "padding": 6,
                  },
                  undefined,
                ]
              }
            >
              <Text>
                button 2
              </Text>
            </View>
          </View>
          <View>
            <View
              accessibilityHint="button 3"
              accessibilityLabel="button 3"
              accessibilityRole="button"
              accessibilityState={
                {
                  "selected": false,
                }
              }
              accessible={true}
              isFocused={false}
              style={
                [
                  {
                    "backgroundColor": "transparent",
                    "borderRadius": 100,
                    "padding": 6,
                  },
                  undefined,
                ]
              }
            >
              <Text>
                button 3
              </Text>
            </View>
          </View>
        </View>
      </View>
      <View
        style={
          {
            "left": 0,
            "position": "absolute",
            "transform": [
              {
                "translateY": 100,
              },
            ],
          }
        }
      >
        <View
          style={
            [
              undefined,
              {
                "flexDirection": "row",
              },
            ]
          }
        >
          <View>
            <View
              accessibilityHint="button 4"
              accessibilityLabel="button 4"
              accessibilityRole="button"
              accessibilityState={
                {
                  "selected": false,
                }
              }
              accessible={true}
              isFocused={false}
              style={
                [
                  {
                    "backgroundColor": "transparent",
                    "borderRadius": 100,
                    "padding": 6,
                  },
                  undefined,
                ]
              }
            >
              <Text>
                button 4
              </Text>
            </View>
          </View>
          <View>
            <View
              accessibilityHint="button 5"
              accessibilityLabel="button 5"
              accessibilityRole="button"
              accessibilityState={
                {
                  "selected": false,
                }
              }
              accessible={true}
              isFocused={false}
              style={
                [
                  {
                    "backgroundColor": "transparent",
                    "borderRadius": 100,
                    "padding": 6,
                  },
                  undefined,
                ]
              }
            >
              <Text>
                button 5
              </Text>
            </View>
          </View>
          <View>
            <View
              accessibilityHint="button 6"
              accessibilityLabel="button 6"
              accessibilityRole="button"
              accessibilityState={
                {
                  "selected": false,
                }
              }
              accessible={true}
              isFocused={false}
              style={
                [
                  {
                    "backgroundColor": "transparent",
                    "borderRadius": 100,
                    "padding": 6,
                  },
                  undefined,
                ]
              }
            >
              <Text>
                button 6
              </Text>
            </View>
          </View>
        </View>
      </View>
      <View
        style={
          {
            "left": 0,
            "position": "absolute",
            "transform": [
              {
                "translateY": 200,
              },
            ],
          }
        }
      >
        <View
          style={
            [
              undefined,
              {
                "flexDirection": "row",
              },
            ]
          }
        >
          <View>
            <View
              accessibilityHint="button 7"
              accessibilityLabel="button 7"
              accessibilityRole="button"
              accessibilityState={
                {
                  "selected": false,
                }
              }
              accessible={true}
              isFocused={false}
              style={
                [
                  {
                    "backgroundColor": "transparent",
                    "borderRadius": 100,
                    "padding": 6,
                  },
                  undefined,
                ]
              }
            >
              <Text>
                button 7
              </Text>
            </View>
          </View>
          <View>
            <View
              accessibilityHint="button 8"
              accessibilityLabel="button 8"
              accessibilityRole="button"
              accessibilityState={
                {
                  "selected": false,
                }
              }
              accessible={true}
              isFocused={false}
              style={
                [
                  {
                    "backgroundColor": "transparent",
                    "borderRadius": 100,
                    "padding": 6,
                  },
                  undefined,
                ]
              }
            >
              <Text>
                button 8
              </Text>
            </View>
          </View>
          <View>
            <View
              accessibilityHint="button 9"
              accessibilityLabel="button 9"
              accessibilityRole="button"
              accessibilityState={
                {
                  "selected": false,
                }
              }
              accessible={true}
              isFocused={false}
              style={
                [
                  {
                    "backgroundColor": "transparent",
                    "borderRadius": 100,
                    "padding": 6,
                  },
                  undefined,
                ]
              }
            >
              <Text>
                button 9
              </Text>
            </View>
          </View>
        </View>
      </View>
      <View
        style={
          {
            "left": 0,
            "position": "absolute",
            "transform": [
              {
                "translateY": 300,
              },
            ],
          }
        }
      >
        <View
          style={
            [
              undefined,
              {
                "flexDirection": "row",
              },
            ]
          }
        >
          <View>
            <View
              accessibilityHint="button 10"
              accessibilityLabel="button 10"
              accessibilityRole="button"
              accessibilityState={
                {
                  "selected": false,
                }
              }
              accessible={true}
              isFocused={false}
              style={
                [
                  {
                    "backgroundColor": "transparent",
                    "borderRadius": 100,
                    "padding": 6,
                  },
                  undefined,
                ]
              }
            >
              <Text>
                button 10
              </Text>
            </View>
          </View>
          <View>
            <View
              accessibilityHint="button 11"
              accessibilityLabel="button 11"
              accessibilityRole="button"
              accessibilityState={
                {
                  "selected": false,
                }
              }
              accessible={true}
              isFocused={false}
              style={
                [
                  {
                    "backgroundColor": "transparent",
                    "borderRadius": 100,
                    "padding": 6,
                  },
                  undefined,
                ]
              }
            >
              <Text>
                button 11
              </Text>
            </View>
          </View>
          <View>
            <View
              accessibilityHint="button 12"
              accessibilityLabel="button 12"
              accessibilityRole="button"
              accessibilityState={
                {
                  "selected": false,
                }
              }
              accessible={true}
              isFocused={false}
              style={
                [
                  {
                    "backgroundColor": "transparent",
                    "borderRadius": 100,
                    "padding": 6,
                  },
                  undefined,
                ]
              }
            >
              <Text>
                button 12
              </Text>
            </View>
          </View>
        </View>
      </View>
      <View
        style={
          {
            "left": 0,
            "position": "absolute",
            "transform": [
              {
                "translateY": 400,
              },
            ],
          }
        }
      >
        <View
          style={
            [
              undefined,
              {
                "flexDirection": "row",
              },
            ]
          }
        >
          <View>
            <View
              accessibilityHint="button 13"
              accessibilityLabel="button 13"
              accessibilityRole="button"
              accessibilityState={
                {
                  "selected": false,
                }
              }
              accessible={true}
              isFocused={false}
              style={
                [
                  {
                    "backgroundColor": "transparent",
                    "borderRadius": 100,
                    "padding": 6,
                  },
                  undefined,
                ]
              }
            >
              <Text>
                button 13
              </Text>
            </View>
          </View>
          <View>
            <View
              accessibilityHint="button 14"
              accessibilityLabel="button 14"
              accessibilityRole="button"
              accessibilityState={
                {
                  "selected": false,
                }
              }
              accessible={true}
              isFocused={false}
              style={
                [
                  {
                    "backgroundColor": "transparent",
                    "borderRadius": 100,
                    "padding": 6,
                  },
                  undefined,
                ]
              }
            >
              <Text>
                button 14
              </Text>
            </View>
          </View>
          <View>
            <View
              accessibilityHint="button 15"
              accessibilityLabel="button 15"
              accessibilityRole="button"
              accessibilityState={
                {
                  "selected": false,
                }
              }
              accessible={true}
              isFocused={false}
              style={
                [
                  {
                    "backgroundColor": "transparent",
                    "borderRadius": 100,
                    "padding": 6,
                  },
                  undefined,
                ]
              }
            >
              <Text>
                button 15
              </Text>
            </View>
          </View>
        </View>
      </View>
      <View
        style={
          {
            "left": 0,
            "position": "absolute",
            "transform": [
              {
                "translateY": 500,
              },
            ],
          }
        }
      >
        <View
          style={
            [
              undefined,
              {
                "flexDirection": "row",
              },
            ]
          }
        >
          <View>
            <View
              accessibilityHint="button 16"
              accessibilityLabel="button 16"
              accessibilityRole="button"
              accessibilityState={
                {
                  "selected": false,
                }
              }
              accessible={true}
              isFocused={false}
              style={
                [
                  {
                    "backgroundColor": "transparent",
                    "borderRadius": 100,
                    "padding": 6,
                  },
                  undefined,
                ]
              }
            >
              <Text>
                button 16
              </Text>
            </View>
          </View>
          <View>
            <View
              accessibilityHint="button 17"
              accessibilityLabel="button 17"
              accessibilityRole="button"
              accessibilityState={
                {
                  "selected": false,
                }
              }
              accessible={true}
              isFocused={false}
              style={
                [
                  {
                    "backgroundColor": "transparent",
                    "borderRadius": 100,
                    "padding": 6,
                  },
                  undefined,
                ]
              }
            >
              <Text>
                button 17
              </Text>
            </View>
          </View>
          <View>
            <View
              accessibilityHint="button 18"
              accessibilityLabel="button 18"
              accessibilityRole="button"
              accessibilityState={
                {
                  "selected": false,
                }
              }
              accessible={true}
              isFocused={false}
              style={
                [
                  {
                    "backgroundColor": "transparent",
                    "borderRadius": 100,
                    "padding": 6,
                  },
                  undefined,
                ]
              }
            >
              <Text>
                button 18
              </Text>
            </View>
          </View>
        </View>
      </View>
      <View
        style={
          {
            "left": 0,
            "position": "absolute",
            "transform": [
              {
                "translateY": 600,
              },
            ],
          }
        }
      >
        <View
          style={
            [
              undefined,
              {
                "flexDirection": "row",
              },
            ]
          }
        >
          <View>
            <View
              accessibilityHint="button 19"
              accessibilityLabel="button 19"
              accessibilityRole="button"
              accessibilityState={
                {
                  "selected": false,
                }
              }
              accessible={true}
              isFocused={false}
              style={
                [
                  {
                    "backgroundColor": "transparent",
                    "borderRadius": 100,
                    "padding": 6,
                  },
                  undefined,
                ]
              }
            >
              <Text>
                button 19
              </Text>
            </View>
          </View>
          <View>
            <View
              accessibilityHint="button 20"
              accessibilityLabel="button 20"
              accessibilityRole="button"
              accessibilityState={
                {
                  "selected": false,
                }
              }
              accessible={true}
              isFocused={false}
              style={
                [
                  {
                    "backgroundColor": "transparent",
                    "borderRadius": 100,
                    "padding": 6,
                  },
                  undefined,
                ]
              }
            >
              <Text>
                button 20
              </Text>
            </View>
          </View>
          <View>
            <View
              accessibilityHint="button 21"
              accessibilityLabel="button 21"
              accessibilityRole="button"
              accessibilityState={
                {
                  "selected": false,
                }
              }
              accessible={true}
              isFocused={false}
              style={
                [
                  {
                    "backgroundColor": "transparent",
                    "borderRadius": 100,
                    "padding": 6,
                  },
                  undefined,
                ]
              }
            >
              <Text>
                button 21
              </Text>
            </View>
          </View>
        </View>
      </View>
    </View>
  </View>
</View>
`;
